[00:00:44] [Server thread/INFO]: Aryan has reached the goal [The Next Generation]
[00:00:49] [Server thread/INFO]: DarkClown has reached the goal [The Next Generation]
[00:01:37] [Server thread/INFO]: [DarkClown: Teleported DarkClown to Aryan]
[00:02:56] [Server thread/INFO]: [DarkClown: Teleported Aryan to DarkClown]
[00:03:09] [Server thread/INFO]: [DarkClown: Set own game mode to Creative Mode]
[00:03:45] [Server thread/INFO]: [DarkClown: Set own game mode to Survival Mode]
[00:03:50] [Server thread/INFO]: [DarkClown: Set own game mode to Creative Mode]
[00:05:33] [Server thread/INFO]: [DarkClown: Set own game mode to Survival Mode]
[00:07:33] [Server thread/INFO]: [DarkClown: Set own game mode to Creative Mode]
[00:09:32] [Server thread/INFO]: [Aryan: Teleported Aryan to DarkClown]
[00:10:08] [Server thread/INFO]: [Aryan: Teleported Aryan to DarkClown]
[00:11:42] [Server thread/INFO]: [Aryan: Teleported Aryan to DarkClown]
[00:16:29] [Server thread/INFO]: [Aryan: Teleported Aryan to DarkClown]
[00:18:21] [Server thread/INFO]: Aryan lost connection: Disconnected
[00:18:21] [Server thread/INFO]: Aryan left the game
[00:36:35] [Server thread/INFO]: Named entity class_1559['CHOTU'/17869, l='ServerLevel[world]', x=-22.20, y=106.00, z=-210.80] died: CHOTU was slain by DarkClown using [RUPESH]
[00:39:49] [Server thread/INFO]: [DarkClown: Set own game mode to Survival Mode]
[00:40:31] [Server thread/INFO]: [DarkClown: Set own game mode to Creative Mode]
[00:41:09] [Server thread/INFO]: [DarkClown: Set own game mode to Survival Mode]
[00:43:52] [Server thread/INFO]: [DarkClown: Set own game mode to Creative Mode]
[00:44:21] [Server thread/INFO]: [DarkClown: Set own game mode to Survival Mode]
[00:45:02] [Server thread/INFO]: [DarkClown: Killed DarkClown]
[00:47:27] [Server thread/INFO]: [DarkClown: Teleported DarkClown to -1775.500000, 111.000000, -479.500000]
[00:47:40] [Server thread/INFO]: [DarkClown: Teleported DarkClown to -1775.500000, 115.062500, -479.500000]
[00:49:10] [Server thread/INFO]: [DarkClown: Set own game mode to Creative Mode]
[00:52:44] [Server thread/INFO]: [DarkClown: Set own game mode to Survival Mode]
[00:56:08] [Server thread/INFO]: [DarkClown: Set own game mode to Creative Mode]
[00:59:22] [Server thread/INFO]: [DarkClown: Set own game mode to Survival Mode]
[01:00:30] [Server thread/INFO]: [DarkClown: Set own game mode to Creative Mode]
[01:01:05] [Server thread/INFO]: [DarkClown: Set own game mode to Survival Mode]
[01:01:45] [Server thread/INFO]: [DarkClown: Set own game mode to Creative Mode]
[01:01:56] [Server thread/INFO]: [DarkClown: Set own game mode to Survival Mode]
[01:03:47] [Server thread/INFO]: [DarkClown: Set own game mode to Creative Mode]
[01:05:47] [Server thread/INFO]: [DarkClown: Set own game mode to Survival Mode]
[01:07:44] [Server thread/INFO]: [DarkClown: Stopping the server]
[01:07:44] [Server thread/INFO]: Stopping server
[01:07:44] [Server thread/INFO]: Saving players
[01:07:44] [Server thread/INFO]: Saving worlds
[01:07:44] [Server thread/INFO]: ServerLevel[world]/minecraft:overworld: waiting for 947 chunks to unload
[01:07:44] [Server thread/INFO]: ServerLevel[world]/minecraft:the_end: waiting for 1369 chunks to unload
[01:07:45] [Server thread/INFO]: Saving chunks for level 'ServerLevel[world]'/minecraft:overworld
[01:07:45] [Server thread/INFO]: Saving chunks for level 'ServerLevel[world]'/minecraft:the_end
[01:07:45] [Server thread/INFO]: Saving chunks for level 'ServerLevel[world]'/minecraft:the_nether
[01:07:45] [Server thread/INFO]: ThreadedAnvilChunkStorage (world): All chunks are saved
[01:07:45] [Server thread/INFO]: ThreadedAnvilChunkStorage (DIM1): All chunks are saved
[01:07:45] [Server thread/INFO]: ThreadedAnvilChunkStorage (DIM-1): All chunks are saved
[01:07:45] [Server thread/INFO]: ThreadedAnvilChunkStorage: All dimensions are saved
[01:07:45] [C2ME Storage #3/INFO]: Storage thread Thread[#107,C2ME Storage #3,8,main] stopped
[01:07:45] [C2ME Storage #2/INFO]: Storage thread Thread[#106,C2ME Storage #2,8,main] stopped
[01:07:45] [C2ME Storage #1/INFO]: Storage thread Thread[#105,C2ME Storage #1,8,main] stopped
[01:07:45] [C2ME Storage #6/INFO]: Storage thread Thread[#124,C2ME Storage #6,8,main] stopped
[01:07:45] [C2ME Storage #5/INFO]: Storage thread Thread[#123,C2ME Storage #5,8,main] stopped
[01:07:45] [C2ME Storage #4/INFO]: Storage thread Thread[#122,C2ME Storage #4,8,main] stopped
[01:07:45] [C2ME Storage #8/INFO]: Storage thread Thread[#126,C2ME Storage #8,8,main] stopped
[01:07:45] [C2ME Storage #9/INFO]: Storage thread Thread[#127,C2ME Storage #9,8,main] stopped
[01:07:45] [C2ME Storage #7/INFO]: Storage thread Thread[#125,C2ME Storage #7,8,main] stopped
